// Jest Snapshot v1, https://goo.gl/fbAQLP

exports[`tests in CircleProgress component should match the snapshot 1`] = `
<div>
  <div
    aria-valuemax="100"
    aria-valuemin="0"
    aria-valuenow="65"
    class="chakra-progress css-120wkjd"
    data-testid="circle div"
    role="progressbar"
  >
    <svg
      class="css-kn46u7"
      viewBox="0 0 100 100"
    >
      <circle
        class="chakra-progress__track css-1bhxzgy"
        cx="50"
        cy="50"
        r="42"
        stroke-width="10px"
      />
      <circle
        class="chakra-progress__indicator css-u8otmg"
        cx="50"
        cy="50"
        r="42"
        stroke-dasharray="171.6 92.4"
        stroke-dashoffset="66"
        stroke-width="10px"
      />
    </svg>
    <div
      class="css-19ir226"
    >
      65
      %
    </div>
  </div>
</div>
`;
